\BOOKMARK [1][-]{pre:coverpage.1}{\376\377\000C\000O\000V\000E\000R\000\040\000P\000A\000G\000E}{}% 1
\BOOKMARK [1][-]{pre:declareform.1}{\376\377\000P\000S\000Z\000\040\000F\000O\000R\000M}{}% 2
\BOOKMARK [1][-]{pre:svdeclaration.1}{\376\377\000S\000U\000P\000E\000R\000V\000I\000S\000O\000R\000\050\000S\000\051\000\040\000D\000E\000C\000L\000A\000R\000A\000T\000I\000O\000N}{}% 3
\BOOKMARK [1][-]{pre:titlepage.1}{\376\377\000T\000I\000T\000L\000E\000\040\000P\000A\000G\000E}{}% 4
\BOOKMARK [0][-]{section*.6}{\376\377\000\040\000D\000E\000C\000L\000A\000R\000A\000T\000I\000O\000N}{}% 5
\BOOKMARK [0][-]{section*.8}{\376\377\000\040\000D\000E\000D\000I\000C\000A\000T\000I\000O\000N}{}% 6
\BOOKMARK [0][-]{section*.10}{\376\377\000\040\000A\000C\000K\000N\000O\000W\000L\000E\000D\000G\000E\000M\000E\000N\000T}{}% 7
\BOOKMARK [0][-]{section*.12}{\376\377\000\040\000A\000B\000S\000T\000R\000A\000C\000T}{}% 8
\BOOKMARK [0][-]{section*.14}{\376\377\000\040\000A\000B\000S\000T\000R\000A\000K}{}% 9
\BOOKMARK [0][-]{section*.16}{\376\377\000\040\000T\000A\000B\000L\000E\000\040\000O\000F\000\040\000C\000O\000N\000T\000E\000N\000T\000S}{}% 10
\BOOKMARK [0][-]{section*.18}{\376\377\000\040\000L\000I\000S\000T\000\040\000O\000F\000\040\000T\000A\000B\000L\000E\000S}{}% 11
\BOOKMARK [0][-]{section*.20}{\376\377\000\040\000L\000I\000S\000T\000\040\000O\000F\000\040\000F\000I\000G\000U\000R\000E\000S}{}% 12
\BOOKMARK [0][-]{section*.22}{\376\377\000\040\000L\000I\000S\000T\000\040\000O\000F\000\040\000A\000B\000B\000R\000E\000V\000I\000A\000T\000I\000O\000N\000S}{}% 13
\BOOKMARK [0][-]{section*.24}{\376\377\000\040\000L\000I\000S\000T\000\040\000O\000F\000\040\000A\000P\000P\000E\000N\000D\000I\000C\000E\000S}{}% 14
\BOOKMARK [0][-]{chapter.1}{\376\377\000I\000n\000t\000r\000o\000d\000u\000c\000t\000i\000o\000n}{}% 15
\BOOKMARK [1][-]{section.1.1}{\376\377\000I\000n\000t\000r\000o\000d\000u\000c\000t\000i\000o\000n}{chapter.1}% 16
\BOOKMARK [1][-]{section.1.2}{\376\377\000P\000r\000o\000b\000l\000e\000m\000\040\000B\000a\000c\000k\000g\000r\000o\000u\000n\000d}{chapter.1}% 17
\BOOKMARK [1][-]{section.1.3}{\376\377\000P\000r\000o\000j\000e\000c\000t\000\040\000A\000i\000m}{chapter.1}% 18
\BOOKMARK [1][-]{section.1.4}{\376\377\000P\000r\000o\000j\000e\000c\000t\000\040\000O\000b\000j\000e\000c\000t\000i\000v\000e\000s}{chapter.1}% 19
\BOOKMARK [1][-]{section.1.5}{\376\377\000P\000r\000o\000j\000e\000c\000t\000\040\000S\000c\000o\000p\000e\000s}{chapter.1}% 20
\BOOKMARK [1][-]{section.1.6}{\376\377\000P\000r\000o\000j\000e\000c\000t\000\040\000I\000m\000p\000o\000r\000t\000a\000n\000c\000e}{chapter.1}% 21
\BOOKMARK [1][-]{section.1.7}{\376\377\000R\000e\000p\000o\000r\000t\000\040\000O\000r\000g\000a\000n\000i\000z\000a\000t\000i\000o\000n}{chapter.1}% 22
\BOOKMARK [0][-]{chapter.2}{\376\377\000L\000I\000T\000E\000R\000A\000T\000U\000R\000E\000\040\000R\000E\000V\000I\000E\000W}{}% 23
\BOOKMARK [1][-]{section.2.1}{\376\377\000I\000n\000t\000r\000o\000d\000u\000c\000t\000i\000o\000n}{chapter.2}% 24
\BOOKMARK [1][-]{section.2.2}{\376\377\000T\000h\000e\000o\000r\000i\000e\000s\000\040\000o\000f\000\040\000S\000e\000c\000o\000n\000d\000\040\000L\000a\000n\000g\000u\000a\000g\000e\000\040\000A\000c\000q\000u\000i\000s\000i\000t\000i\000o\000n}{chapter.2}% 25
\BOOKMARK [2][-]{subsection.2.2.1}{\376\377\000K\000r\000a\000s\000h\000e\000n\000'\000s\000\040\000I\000n\000p\000u\000t\000\040\000H\000y\000p\000o\000t\000h\000e\000s\000i\000s}{section.2.2}% 26
\BOOKMARK [2][-]{subsection.2.2.2}{\376\377\000M\000u\000l\000t\000i\000m\000e\000d\000i\000a\000\040\000L\000e\000a\000r\000n\000i\000n\000g\000\040\000T\000h\000e\000o\000r\000y}{section.2.2}% 27
\BOOKMARK [1][-]{section.2.3}{\376\377\000C\000h\000a\000l\000l\000e\000n\000g\000e\000s\000\040\000o\000f\000\040\000M\000a\000n\000d\000a\000r\000i\000n\000\040\000a\000s\000\040\000a\000\040\000S\000y\000m\000b\000o\000l\000i\000c\000\040\000L\000a\000n\000g\000u\000a\000g\000e}{chapter.2}% 28
\BOOKMARK [2][-]{subsection.2.3.1}{\376\377\000C\000h\000a\000r\000a\000c\000t\000e\000r\000\040\000R\000e\000c\000o\000g\000n\000i\000t\000i\000o\000n\000\040\000a\000n\000d\000\040\000S\000o\000u\000n\000d\000\040\000A\000w\000a\000r\000e\000n\000e\000s\000s}{section.2.3}% 29
\BOOKMARK [2][-]{subsection.2.3.2}{\376\377\000T\000o\000n\000a\000l\000\040\000P\000e\000r\000c\000e\000p\000t\000i\000o\000n\000\040\000a\000n\000d\000\040\000P\000r\000o\000d\000u\000c\000t\000i\000o\000n}{section.2.3}% 30
\BOOKMARK [1][-]{section.2.4}{\376\377\000C\000u\000r\000r\000e\000n\000t\000\040\000S\000y\000s\000t\000e\000m\000\040\000A\000n\000a\000l\000y\000s\000i\000s}{chapter.2}% 31
\BOOKMARK [2][-]{subsection.2.4.1}{\376\377\000P\000r\000o\000b\000l\000e\000m\000\040\000w\000i\000t\000h\000\040\000C\000u\000r\000r\000e\000n\000t\000\040\000S\000y\000s\000t\000e\000m}{section.2.4}% 32
\BOOKMARK [2][-]{subsection.2.4.2}{\376\377\000P\000r\000o\000p\000o\000s\000e\000d\000\040\000S\000o\000l\000u\000t\000i\000o\000n}{section.2.4}% 33
\BOOKMARK [2][-]{subsection.2.4.3}{\376\377\000C\000o\000m\000p\000a\000r\000i\000s\000o\000n\000\040\000o\000f\000\040\000S\000i\000m\000i\000l\000a\000r\000\040\000V\000i\000d\000e\000o\000-\000B\000a\000s\000e\000d\000\040\000L\000e\000a\000r\000n\000i\000n\000g\000\040\000P\000l\000a\000t\000f\000o\000r\000m\000s}{section.2.4}% 34
\BOOKMARK [1][-]{section.2.5}{\376\377\000T\000e\000c\000h\000n\000o\000l\000o\000g\000i\000e\000s\000\040\000f\000o\000r\000\040\000V\000i\000d\000e\000o\000-\000B\000a\000s\000e\000d\000\040\000L\000e\000a\000r\000n\000i\000n\000g\000\040\000P\000l\000a\000t\000f\000o\000r\000m}{chapter.2}% 35
\BOOKMARK [2][-]{subsection.2.5.1}{\376\377\000V\000o\000i\000c\000e\000\040\000A\000c\000t\000i\000v\000i\000t\000y\000\040\000D\000e\000t\000e\000c\000t\000i\000o\000n\000\040\000a\000n\000d\000\040\000S\000e\000n\000t\000e\000n\000c\000e\000\040\000S\000e\000g\000m\000e\000n\000t\000a\000t\000i\000o\000n}{section.2.5}% 36
\BOOKMARK [2][-]{subsection.2.5.2}{\376\377\000A\000u\000t\000o\000m\000a\000t\000i\000c\000\040\000S\000p\000e\000e\000c\000h\000\040\000R\000e\000c\000o\000g\000n\000i\000t\000i\000o\000n\000\040\000f\000o\000r\000\040\000M\000a\000n\000d\000a\000r\000i\000n}{section.2.5}% 37
\BOOKMARK [2][-]{subsection.2.5.3}{\376\377\000N\000e\000u\000r\000a\000l\000\040\000M\000a\000c\000h\000i\000n\000e\000\040\000T\000r\000a\000n\000s\000l\000a\000t\000i\000o\000n}{section.2.5}% 38
\BOOKMARK [2][-]{subsection.2.5.4}{\376\377\000N\000o\000S\000Q\000L\000\040\000D\000a\000t\000a\000b\000a\000s\000e\000\040\000I\000m\000p\000l\000e\000m\000e\000n\000t\000a\000t\000i\000o\000n}{section.2.5}% 39
\BOOKMARK [1][-]{section.2.6}{\376\377\000S\000u\000m\000m\000a\000r\000y}{chapter.2}% 40
\BOOKMARK [0][-]{chapter.3}{\376\377\000S\000Y\000S\000T\000E\000M\000\040\000D\000E\000V\000E\000L\000O\000P\000M\000E\000N\000T\000\040\000M\000E\000T\000H\000O\000D\000O\000L\000O\000G\000Y}{}% 41
\BOOKMARK [1][-]{section.3.1}{\376\377\000I\000n\000t\000r\000o\000d\000u\000c\000t\000i\000o\000n}{chapter.3}% 42
\BOOKMARK [1][-]{section.3.2}{\376\377\000M\000e\000t\000h\000o\000d\000o\000l\000o\000g\000y\000\040\000C\000h\000o\000i\000c\000e\000\040\000a\000n\000d\000\040\000J\000u\000s\000t\000i\000f\000i\000c\000a\000t\000i\000o\000n}{chapter.3}% 43
\BOOKMARK [1][-]{section.3.3}{\376\377\000M\000e\000t\000h\000o\000d\000o\000l\000o\000g\000y\000\040\000P\000h\000a\000s\000e\000s}{chapter.3}% 44
\BOOKMARK [1][-]{section.3.4}{\376\377\000T\000e\000c\000h\000n\000o\000l\000o\000g\000y\000\040\000S\000t\000a\000c\000k}{chapter.3}% 45
\BOOKMARK [1][-]{section.3.5}{\376\377\000S\000y\000s\000t\000e\000m\000\040\000R\000e\000q\000u\000i\000r\000e\000m\000e\000n\000t\000\040\000A\000n\000a\000l\000y\000s\000i\000s}{chapter.3}% 46
\BOOKMARK [2][-]{subsection.3.5.1}{\376\377\000H\000a\000r\000d\000w\000a\000r\000e\000\040\000R\000e\000q\000u\000i\000r\000e\000m\000e\000n\000t\000s}{section.3.5}% 47
\BOOKMARK [2][-]{subsection.3.5.2}{\376\377\000S\000o\000f\000t\000w\000a\000r\000e\000\040\000R\000e\000q\000u\000i\000r\000e\000m\000e\000n\000t\000s}{section.3.5}% 48
\BOOKMARK [1][-]{section.3.6}{\376\377\000C\000h\000a\000p\000t\000e\000r\000\040\000S\000u\000m\000m\000a\000r\000y}{chapter.3}% 49
\BOOKMARK [0][-]{chapter.4}{\376\377\000R\000E\000Q\000U\000I\000R\000E\000M\000E\000N\000T\000\040\000A\000N\000A\000L\000Y\000S\000I\000S\000\040\000A\000N\000D\000\040\000D\000E\000S\000I\000G\000N}{}% 50
\BOOKMARK [1][-]{section.4.1}{\376\377\000I\000n\000t\000r\000o\000d\000u\000c\000t\000i\000o\000n}{chapter.4}% 51
\BOOKMARK [1][-]{section.4.2}{\376\377\000R\000e\000q\000u\000i\000r\000e\000m\000e\000n\000t\000s\000\040\000G\000a\000t\000h\000e\000r\000i\000n\000g\000\040\000a\000n\000d\000\040\000A\000n\000a\000l\000y\000s\000i\000s}{chapter.4}% 52
\BOOKMARK [2][-]{subsection.4.2.1}{\376\377\000F\000u\000n\000c\000t\000i\000o\000n\000a\000l\000\040\000R\000e\000q\000u\000i\000r\000e\000m\000e\000n\000t\000s}{section.4.2}% 53
\BOOKMARK [2][-]{subsection.4.2.2}{\376\377\000N\000o\000n\000-\000F\000u\000n\000c\000t\000i\000o\000n\000a\000l\000\040\000R\000e\000q\000u\000i\000r\000e\000m\000e\000n\000t\000s}{section.4.2}% 54
\BOOKMARK [1][-]{section.4.3}{\376\377\000A\000r\000c\000h\000i\000t\000e\000c\000t\000u\000r\000a\000l\000\040\000D\000e\000s\000i\000g\000n}{chapter.4}% 55
\BOOKMARK [1][-]{section.4.4}{\376\377\000C\000h\000a\000p\000t\000e\000r\000\040\000S\000u\000m\000m\000a\000r\000y}{chapter.4}% 56
\BOOKMARK [0][-]{chapter.5}{\376\377\000C\000O\000N\000C\000L\000U\000S\000I\000O\000N}{}% 57
\BOOKMARK [1][-]{section.5.1}{\376\377\000I\000n\000t\000r\000o\000d\000u\000c\000t\000i\000o\000n}{chapter.5}% 58
\BOOKMARK [1][-]{section.5.2}{\376\377\000A\000c\000h\000i\000e\000v\000e\000m\000e\000n\000t\000\040\000o\000f\000\040\000P\000r\000o\000j\000e\000c\000t\000\040\000O\000b\000j\000e\000c\000t\000i\000v\000e\000s}{chapter.5}% 59
\BOOKMARK [1][-]{section.5.3}{\376\377\000S\000u\000g\000g\000e\000s\000t\000i\000o\000n\000s\000\040\000f\000o\000r\000\040\000F\000u\000t\000u\000r\000e\000\040\000I\000m\000p\000r\000o\000v\000e\000m\000e\000n\000t}{chapter.5}% 60
\BOOKMARK [0][-]{section*.44}{\376\377\000R\000E\000F\000E\000R\000E\000N\000C\000E\000S}{}% 61
\BOOKMARK [0][-]{sec:list-of-prompts-used.0}{\376\377\000L\000i\000s\000t\000\040\000o\000f\000\040\000P\000r\000o\000m\000p\000t\000s\000\040\000U\000s\000e\000d}{}% 62
\BOOKMARK [0][-]{sec:stakeholder-interview-questions.0}{\376\377\000S\000t\000a\000k\000e\000h\000o\000l\000d\000e\000r\000\040\000I\000n\000t\000e\000r\000v\000i\000e\000w\000\040\000Q\000u\000e\000s\000t\000i\000o\000n\000s}{}% 63
\BOOKMARK [1][-]{section.A2.1}{\376\377\000T\000e\000a\000c\000h\000i\000n\000g\000\040\000C\000o\000n\000t\000e\000x\000t\000\040\000\046\000\040\000M\000e\000t\000h\000o\000d\000s}{sec:stakeholder-interview-questions.0}% 64
\BOOKMARK [1][-]{section.A2.2}{\376\377\000C\000o\000n\000t\000e\000n\000t\000\040\000P\000r\000o\000c\000e\000s\000s\000i\000n\000g\000\040\000\046\000\040\000M\000a\000n\000a\000g\000e\000m\000e\000n\000t}{sec:stakeholder-interview-questions.0}% 65
\BOOKMARK [1][-]{section.A2.3}{\376\377\000Q\000u\000a\000l\000i\000t\000y\000\040\000\046\000\040\000A\000c\000c\000u\000r\000a\000c\000y\000\040\000R\000e\000q\000u\000i\000r\000e\000m\000e\000n\000t\000s}{sec:stakeholder-interview-questions.0}% 66
\BOOKMARK [0][-]{sec:feedback-on-prototype.0}{\376\377\000F\000e\000e\000d\000b\000a\000c\000k\000\040\000o\000n\000\040\000P\000r\000o\000t\000o\000t\000y\000p\000e\000\040\000M\000e\000e\000t\000i\000n\000g\000\040\000w\000i\000t\000h\000\040\000S\000t\000a\000k\000e\000h\000o\000l\000d\000e\000r}{}% 67
\BOOKMARK [1][-]{section.A3.1}{\376\377\000M\000a\000k\000l\000u\000m\000b\000a\000l\000a\000s\000\040\000s\000a\000y\000a\000\040\000a\000d\000a\000l\000a\000h\000\040\000s\000e\000p\000e\000r\000t\000i\000\040\000b\000e\000r\000i\000k\000u\000t\000:}{sec:feedback-on-prototype.0}% 68
\BOOKMARK [1][-]{section.A3.2}{\376\377\000T\000e\000r\000d\000a\000p\000a\000t\000\040\0002\000\040\000m\000a\000s\000a\000l\000a\000h\000\040\000u\000t\000a\000m\000a\000:}{sec:feedback-on-prototype.0}% 69
\BOOKMARK [2][-]{subsection.A3.2.1}{\376\377\000T\000e\000r\000j\000e\000m\000a\000h\000a\000n}{section.A3.2}% 70
\BOOKMARK [2][-]{subsection.A3.2.2}{\376\377\000K\000e\000g\000a\000g\000a\000l\000a\000n\000\040\000T\000r\000a\000n\000s\000c\000r\000i\000b\000i\000n\000g}{section.A3.2}% 71
\BOOKMARK [1][-]{section.A3.3}{\376\377\000C\000a\000d\000a\000n\000g\000a\000n\000\040\000d\000a\000n\000\040\000P\000e\000n\000a\000m\000b\000a\000h\000b\000a\000i\000k\000a\000n\000:}{sec:feedback-on-prototype.0}% 72
\BOOKMARK [0][-]{sec:srs.0}{\376\377\000S\000R\000S}{}% 73
\BOOKMARK [0][-]{sec:sdd.0}{\376\377\000S\000D\000D}{}% 74
\BOOKMARK [0][-]{sec:std.0}{\376\377\000S\000T\000D}{}% 75
